<<<<<<< HEAD
2025-11-21 13:09:33 - ERREUR : Impossible de récupérer les données pour VilleInexistante
2025-11-21 13:10:52 - ERREUR : Impossible de récupérer les données pour Toulouse
2025-11-21 13:22:24 - ERREUR : Impossible de récupérer les données pour Toulouse
2025-11-21 13:22:28 - ERREUR : Impossible de récupérer les données pour Toulouse
2025-11-21 13:23:15 - ERREUR : Impossible de récupérer les données pour Toulouse
2025-11-21 13:35:29 - ERREUR : Impossible de récupérer les données pour Toulouse
2025-11-21 13:36:35 - ERREUR : Impossible de récupérer les données pour ya
2025-11-21 13:37:16 - ERREUR : Impossible de récupérer les données pour ya
2025-11-21 13:42:34 - ERREUR : Impossible de récupérer les données pour Toulouse
2025-11-21 13:47:52 - ERREUR : Impossible de récupérer les données pour Toulouse
2025-11-21 13:52:38 - ERREUR : Impossible de récupérer les données pour Toulouse
2025-11-21 13:58:35 - ERREUR : Impossible de récupérer les données pour Toulouse
=======
2025-11-21 14:24:52 - ERREUR : Impossible de récupérer les données pour Toulouse
2025-11-21 14:25:00 - ERREUR : Impossible de récupérer les données pour Paris
2025-11-21 14:26:10 - ERREUR : Impossible de récupérer les données pour Psss
2025-11-21 14:55:38 - ERREUR : Données météo non valides pour VilleInexistante
2025-11-21 14:56:46 - ERREUR : Données météo non valides pour VilleInexistanteddd
>>>>>>> origin/variante3
